------------------------------------------------------------
Timing Analyzer Summary
------------------------------------------------------------

Type  : Slow 1100mV 85C Model Setup 'fpga_clk_50'
Slack : 10.395
TNS   : 0.000

Type  : Slow 1100mV 85C Model Setup 'altera_reserved_tck'
Slack : 12.502
TNS   : 0.000

Type  : Slow 1100mV 85C Model Hold 'altera_reserved_tck'
Slack : 0.128
TNS   : 0.000

Type  : Slow 1100mV 85C Model Hold 'fpga_clk_50'
Slack : 0.263
TNS   : 0.000

Type  : Slow 1100mV 85C Model Recovery 'altera_reserved_tck'
Slack : 14.075
TNS   : 0.000

Type  : Slow 1100mV 85C Model Recovery 'fpga_clk_50'
Slack : 14.212
TNS   : 0.000

Type  : Slow 1100mV 85C Model Removal 'altera_reserved_tck'
Slack : 0.800
TNS   : 0.000

Type  : Slow 1100mV 85C Model Removal 'fpga_clk_50'
Slack : 0.896
TNS   : 0.000

Type  : Slow 1100mV 85C Model Minimum Pulse Width 'fpga_clk_50'
Slack : 8.886
TNS   : 0.000

Type  : Slow 1100mV 85C Model Minimum Pulse Width 'altera_reserved_tck'
Slack : 15.810
TNS   : 0.000

Type  : Slow 1100mV 0C Model Setup 'fpga_clk_50'
Slack : 10.596
TNS   : 0.000

Type  : Slow 1100mV 0C Model Setup 'altera_reserved_tck'
Slack : 12.550
TNS   : 0.000

Type  : Slow 1100mV 0C Model Hold 'altera_reserved_tck'
Slack : 0.112
TNS   : 0.000

Type  : Slow 1100mV 0C Model Hold 'fpga_clk_50'
Slack : 0.220
TNS   : 0.000

Type  : Slow 1100mV 0C Model Recovery 'altera_reserved_tck'
Slack : 14.184
TNS   : 0.000

Type  : Slow 1100mV 0C Model Recovery 'fpga_clk_50'
Slack : 14.463
TNS   : 0.000

Type  : Slow 1100mV 0C Model Removal 'altera_reserved_tck'
Slack : 0.759
TNS   : 0.000

Type  : Slow 1100mV 0C Model Removal 'fpga_clk_50'
Slack : 0.856
TNS   : 0.000

Type  : Slow 1100mV 0C Model Minimum Pulse Width 'fpga_clk_50'
Slack : 8.927
TNS   : 0.000

Type  : Slow 1100mV 0C Model Minimum Pulse Width 'altera_reserved_tck'
Slack : 15.810
TNS   : 0.000

Type  : Fast 1100mV 85C Model Setup 'fpga_clk_50'
Slack : 13.515
TNS   : 0.000

Type  : Fast 1100mV 85C Model Setup 'altera_reserved_tck'
Slack : 14.368
TNS   : 0.000

Type  : Fast 1100mV 85C Model Hold 'altera_reserved_tck'
Slack : 0.034
TNS   : 0.000

Type  : Fast 1100mV 85C Model Hold 'fpga_clk_50'
Slack : 0.159
TNS   : 0.000

Type  : Fast 1100mV 85C Model Recovery 'altera_reserved_tck'
Slack : 15.153
TNS   : 0.000

Type  : Fast 1100mV 85C Model Recovery 'fpga_clk_50'
Slack : 15.840
TNS   : 0.000

Type  : Fast 1100mV 85C Model Removal 'altera_reserved_tck'
Slack : 0.362
TNS   : 0.000

Type  : Fast 1100mV 85C Model Removal 'fpga_clk_50'
Slack : 0.482
TNS   : 0.000

Type  : Fast 1100mV 85C Model Minimum Pulse Width 'fpga_clk_50'
Slack : 8.487
TNS   : 0.000

Type  : Fast 1100mV 85C Model Minimum Pulse Width 'altera_reserved_tck'
Slack : 15.794
TNS   : 0.000

Type  : Fast 1100mV 0C Model Setup 'fpga_clk_50'
Slack : 14.355
TNS   : 0.000

Type  : Fast 1100mV 0C Model Setup 'altera_reserved_tck'
Slack : 14.611
TNS   : 0.000

Type  : Fast 1100mV 0C Model Hold 'altera_reserved_tck'
Slack : 0.019
TNS   : 0.000

Type  : Fast 1100mV 0C Model Hold 'fpga_clk_50'
Slack : 0.126
TNS   : 0.000

Type  : Fast 1100mV 0C Model Recovery 'altera_reserved_tck'
Slack : 15.366
TNS   : 0.000

Type  : Fast 1100mV 0C Model Recovery 'fpga_clk_50'
Slack : 16.377
TNS   : 0.000

Type  : Fast 1100mV 0C Model Removal 'altera_reserved_tck'
Slack : 0.319
TNS   : 0.000

Type  : Fast 1100mV 0C Model Removal 'fpga_clk_50'
Slack : 0.437
TNS   : 0.000

Type  : Fast 1100mV 0C Model Minimum Pulse Width 'fpga_clk_50'
Slack : 8.441
TNS   : 0.000

Type  : Fast 1100mV 0C Model Minimum Pulse Width 'altera_reserved_tck'
Slack : 15.807
TNS   : 0.000

------------------------------------------------------------
